// Jest Snapshot v1, https://goo.gl/fbAQLP

exports[`IndexTabs should render correctly 1`] = `
Object {
  "asFragment": [Function],
  "baseElement": <body>
    <div>
      <nav
        class="relative flex gap-2 w-full overflow-x-scroll scrollbar-none text-base"
      >
        <button
          class="py-1 px-2 rounded-md whitespace-nowrap hover:bg-gray-600 transition text-white bg-gray-500"
        >
          Section 1
        </button>
        <button
          class="py-1 px-2 rounded-md whitespace-nowrap hover:bg-gray-600 transition text-gray-100"
        >
          Section 2
        </button>
      </nav>
      <div
        style="overflow-y: auto; height: 400px;"
      >
        <div
          style="height: 500px;"
        >
          Content 1
        </div>
        <div
          style="height: 500px;"
        >
          Content 2
        </div>
      </div>
    </div>
  </body>,
  "container": <div>
    <nav
      class="relative flex gap-2 w-full overflow-x-scroll scrollbar-none text-base"
    >
      <button
        class="py-1 px-2 rounded-md whitespace-nowrap hover:bg-gray-600 transition text-white bg-gray-500"
      >
        Section 1
      </button>
      <button
        class="py-1 px-2 rounded-md whitespace-nowrap hover:bg-gray-600 transition text-gray-100"
      >
        Section 2
      </button>
    </nav>
    <div
      style="overflow-y: auto; height: 400px;"
    >
      <div
        style="height: 500px;"
      >
        Content 1
      </div>
      <div
        style="height: 500px;"
      >
        Content 2
      </div>
    </div>
  </div>,
  "debug": [Function],
  "findAllByAltText": [Function],
  "findAllByDisplayValue": [Function],
  "findAllByLabelText": [Function],
  "findAllByPlaceholderText": [Function],
  "findAllByRole": [Function],
  "findAllByTestId": [Function],
  "findAllByText": [Function],
  "findAllByTitle": [Function],
  "findByAltText": [Function],
  "findByDisplayValue": [Function],
  "findByLabelText": [Function],
  "findByPlaceholderText": [Function],
  "findByRole": [Function],
  "findByTestId": [Function],
  "findByText": [Function],
  "findByTitle": [Function],
  "getAllByAltText": [Function],
  "getAllByDisplayValue": [Function],
  "getAllByLabelText": [Function],
  "getAllByPlaceholderText": [Function],
  "getAllByRole": [Function],
  "getAllByTestId": [Function],
  "getAllByText": [Function],
  "getAllByTitle": [Function],
  "getByAltText": [Function],
  "getByDisplayValue": [Function],
  "getByLabelText": [Function],
  "getByPlaceholderText": [Function],
  "getByRole": [Function],
  "getByTestId": [Function],
  "getByText": [Function],
  "getByTitle": [Function],
  "queryAllByAltText": [Function],
  "queryAllByDisplayValue": [Function],
  "queryAllByLabelText": [Function],
  "queryAllByPlaceholderText": [Function],
  "queryAllByRole": [Function],
  "queryAllByTestId": [Function],
  "queryAllByText": [Function],
  "queryAllByTitle": [Function],
  "queryByAltText": [Function],
  "queryByDisplayValue": [Function],
  "queryByLabelText": [Function],
  "queryByPlaceholderText": [Function],
  "queryByRole": [Function],
  "queryByTestId": [Function],
  "queryByText": [Function],
  "queryByTitle": [Function],
  "rerender": [Function],
  "unmount": [Function],
}
`;
